============================================================
开始测试 AutoML Pipeline 各模块
============================================================

1. 测试数据探索模块...
   数据类型推断: {'年龄': 'numeric', '收入': 'numeric', '性别': 'categorical', '是否购买': 'numeric'}
   数据概况: {'n_rows': 10, 'n_cols': 4, 'memory_mb': np.float64(0.0), 'n_numeric': 3, 'n_categorical': 1, 'n_date': 0, 'n_text': 0, 'n_id': 0}
   目标列校验: True 目标列校验通过
   [OK] 数据探索模块测试通过

2. 测试特征工程模块...
   特征工程完成，生成 2 个特征
   特征名示例: ['年龄_scaled', '性别_女']
   [OK] 特征工程模块测试通过

3. 测试特征选择模块...
   [FAIL] 特征选择模块测试失败: LogisticRegression.__init__() got an unexpected keyword argument 'multi_class'
python : Traceback (most recent call last):
所在位置 行:1 字符: 1
+ python -u test_pipeline.py > test_output.txt 2>&1 ; echo "Exit code:  ...
+ ~~~~~~~~~~~~~~~~~~~~~~~~~~~~~~~~~~~~~~~~~~~~~~~~~
    + CategoryInfo          : NotSpecified: (Traceback (most recent call last): 
   :String) [], RemoteException
    + FullyQualifiedErrorId : NativeCommandError
 
  File "G:\seed\require\task0606\task21-automl-pipe\automl-pipe\test_pipeline.py
", line 89, in <module>
    analyzer.fit(X_df, y_series)
  File "G:\seed\require\task0606\task21-automl-pipe\automl-pipe\src\feature_sele
ction.py", line 83, in fit
    self.l1_importance_ = self._l1_importance(X, y)
                          ^^^^^^^^^^^^^^^^^^^^^^^^^
  File "G:\seed\require\task0606\task21-automl-pipe\automl-pipe\src\feature_sele
ction.py", line 128, in _l1_importance
    model = self._get_model_for_l1()
            ^^^^^^^^^^^^^^^^^^^^^^^^
  File "G:\seed\require\task0606\task21-automl-pipe\automl-pipe\src\feature_sele
ction.py", line 63, in _get_model_for_l1
    return LogisticRegression(
           ^^^^^^^^^^^^^^^^^^^
TypeError: LogisticRegression.__init__() got an unexpected keyword argument 'mul
ti_class'

4. 测试模型选择模块...
   模型定义: ['逻辑回归', '随机森林', 'XGBoost', 'SVM', 'K近邻', 'MLP']
   [FAIL] 模型选择模块测试失败: MLPClassifier.__init__() got an unexpected keyword argument 'hidden_layers'
Traceback (most recent call last):
  File "G:\seed\require\task0606\task21-automl-pipe\automl-pipe\test_pipeline.py
", line 119, in <module>
    results = selector.fit(X_df, y_series, X_df, y_series)
              ^^^^^^^^^^^^^^^^^^^^^^^^^^^^^^^^^^^^^^^^^^^^
  File "G:\seed\require\task0606\task21-automl-pipe\automl-pipe\src\model_select
or.py", line 436, in fit
    eval_result = self.final_evaluation(
                  ^^^^^^^^^^^^^^^^^^^^^^
  File "G:\seed\require\task0606\task21-automl-pipe\automl-pipe\src\model_select
or.py", line 375, in final_evaluation
    model = model_def.model_class(**best_params)
            ^^^^^^^^^^^^^^^^^^^^^^^^^^^^^^^^^^^^
TypeError: MLPClassifier.__init__() got an unexpected keyword argument 'hidden_l
ayers'

5. 测试模型诊断模块...
   诊断完成，准确率: 0.8
   是否过拟合: True
   [OK] 模型诊断模块测试通过

6. 测试Pipeline导出模块...
   导出文件: ['pickle', 'joblib', 'prediction_api', 'model_card']
     - pickle : C:\Users\Jun\AppData\Local\Temp\tmpw1r8mx1l\pipeline.pkl ( 1115 bytes )
     - joblib : C:\Users\Jun\AppData\Local\Temp\tmpw1r8mx1l\pipeline.joblib ( 1115 bytes )
     - prediction_api : C:\Users\Jun\AppData\Local\Temp\tmpw1r8mx1l\prediction_api.py ( 5165 bytes )
     - model_card : C:\Users\Jun\AppData\Local\Temp\tmpw1r8mx1l\model_card.md ( 1106 bytes )
   [OK] Pipeline导出模块测试通过

7. 测试主Pipeline整合...
   数据加载完成，列数: 4
   数据集准备完成
   [FAIL] 主Pipeline整合测试失败: "['label'] not in index"
Traceback (most recent call last):
  File "G:\seed\require\task0606\task21-automl-pipe\automl-pipe\test_pipeline.py
", line 226, in <module>
    feat_result = pipeline.run_feature_engineering(enable_poly_cross=False)
                  ^^^^^^^^^^^^^^^^^^^^^^^^^^^^^^^^^^^^^^^^^^^^^^^^^^^^^^^^^
  File "G:\seed\require\task0606\task21-automl-pipe\automl-pipe\src\automl_pipel
ine.py", line 139, in run_feature_engineering
    X_full_transformed = self.feature_engineer.fit_transform(
                         ^^^^^^^^^^^^^^^^^^^^^^^^^^^^^^^^^^^^
  File "G:\seed\require\task0606\task21-automl-pipe\automl-pipe\src\feature_engi
neering.py", line 491, in fit_transform
    cat_df = df[cat_cols].copy()
             ~~^^^^^^^^^^
  File "C:\Users\Jun\AppData\Local\Programs\Python\Python312\Lib\site-packages\p
andas\core\frame.py", line 4384, in __getitem__
    indexer = self.columns._get_indexer_strict(key, "columns")[1]
              ^^^^^^^^^^^^^^^^^^^^^^^^^^^^^^^^^^^^^^^^^^^^^^^^
  File "C:\Users\Jun\AppData\Local\Programs\Python\Python312\Lib\site-packages\p
andas\core\indexes\base.py", line 6302, in _get_indexer_strict
    self._raise_if_missing(keyarr, indexer, axis_name)
  File "C:\Users\Jun\AppData\Local\Programs\Python\Python312\Lib\site-packages\p
andas\core\indexes\base.py", line 6355, in _raise_if_missing
    raise KeyError(f"{not_found} not in index")
KeyError: "['label'] not in index"

============================================================
测试完成！
============================================================
